
> my-dev-builder@0.1.0 build
> next build

 ⚠ Invalid next.config.ts options detected: 
 ⚠     Unrecognized key(s) in object: 'reactCompiler'
 ⚠ See more info here: https://nextjs.org/docs/messages/invalid-next-config
   ▲ Next.js 15.5.12
   - Environments: .env.local, .env

   Creating an optimized production build ...
 ✓ Compiled successfully in 5.9s
   Linting and checking validity of types ...

Failed to compile.

./src/app/api/generate/route.ts
108:53  Error: Unexpected any. Specify a different type.  @typescript-eslint/no-explicit-any

./src/app/builder/[id]/page.tsx
5:22  Warning: 'PanelRightOpen' is defined but never used.  @typescript-eslint/no-unused-vars
5:38  Warning: 'Sparkles' is defined but never used.  @typescript-eslint/no-unused-vars
5:55  Warning: 'X' is defined but never used.  @typescript-eslint/no-unused-vars
6:18  Warning: 'AnimatePresence' is defined but never used.  @typescript-eslint/no-unused-vars
30:11  Warning: 'currentProject' is assigned a value but never used.  @typescript-eslint/no-unused-vars
34:11  Warning: 'selectedElements' is assigned a value but never used.  @typescript-eslint/no-unused-vars

./src/app/components/AIChatWidget.tsx
16:6  Warning: 'PolyglotAction' is defined but never used.  @typescript-eslint/no-unused-vars
165:74  Error: Unexpected any. Specify a different type.  @typescript-eslint/no-explicit-any
172:83  Error: Unexpected any. Specify a different type.  @typescript-eslint/no-explicit-any

info  - Need to disable some ESLint rules? Learn more here: https://nextjs.org/docs/app/api-reference/config/eslint#disabling-rules
