src/app/builder/[id]/page.tsx(8,23): error TS2614: Module '"@/app/components/layout/LeftSidebar"' has no exported member 'LeftPanelId'. Did you mean to use 'import LeftPanelId from "@/app/components/layout/LeftSidebar"' instead?
src/app/components/canvas/ComponentWrapper.tsx(70,29): error TS2698: Spread types may only be created from object types.
src/app/components/canvas/ComponentWrapper.tsx(74,20): error TS2339: Property 'transition' does not exist on type '{}'.
src/app/components/canvas/ComponentWrapper.tsx(74,45): error TS2339: Property 'transition' does not exist on type '{}'.
src/app/components/canvas/ComponentWrapper.tsx(75,36): error TS2339: Property 'transition' does not exist on type '{}'.
src/app/components/canvas/ComponentWrapper.tsx(76,39): error TS2339: Property 'transition' does not exist on type '{}'.
src/app/components/canvas/ComponentWrapper.tsx(80,35): error TS2698: Spread types may only be created from object types.
src/app/components/canvas/ComponentWrapper.tsx(83,31): error TS2698: Spread types may only be created from object types.
src/app/components/canvas/ComponentWrapper.tsx(86,32): error TS2698: Spread types may only be created from object types.
src/app/components/canvas/ComponentWrapper.tsx(88,30): error TS2698: Spread types may only be created from object types.
src/app/components/canvas/ThreeBackdrop.tsx(4,24): error TS7016: Could not find a declaration file for module 'three'. 'E:/products/all in one/my-dev-builder/node_modules/three/build/three.module.js' implicitly has an 'any' type.
  Try `npm i --save-dev @types/three` if it exists or add a new declaration (.d.ts) file containing `declare module 'three';`
src/app/components/panels/AIPromptPanel.tsx(520,56): error TS2339: Property 'selectedElements' does not exist on type 'ProjectStoreState'.
src/app/components/panels/AIPromptPanel.tsx(524,58): error TS2339: Property 'selectedElements' does not exist on type 'ProjectStoreState'.
src/app/components/panels/ComponentLibrary.tsx(182,25): error TS2339: Property 'dataTransfer' does not exist on type 'MouseEvent | TouchEvent | PointerEvent'.
  Property 'dataTransfer' does not exist on type 'MouseEvent'.
src/app/components/panels/LayersPanel.tsx(131,11): error TS2322: Type '(e: React.DragEvent<HTMLDivElement>) => void' is not assignable to type '(event: MouseEvent | TouchEvent | PointerEvent, info: PanInfo) => void'.
  Types of parameters 'e' and 'event' are incompatible.
    Type 'MouseEvent | TouchEvent | PointerEvent' is not assignable to type 'DragEvent<HTMLDivElement>'.
      Type 'MouseEvent' is missing the following properties from type 'DragEvent<HTMLDivElement>': dataTransfer, nativeEvent, isDefaultPrevented, isPropagationStopped, persist
src/state/__tests__/store.test.ts(24,7): error TS2741: Property 'assets' is missing in type '{ id: string; name: string; components: { root: { id: string; type: string; children: never[]; props: {}; cssOverrides: { base: { backgroundColor: string; }; }; animations: never[]; assets: never[]; meta: {}; }; }; rootOrder: string[]; rootComponent: string; }' but required in type 'PolyglotProject'.
src/utils/projectModel.ts(125,3): error TS2741: Property 'assets' is missing in type '{ id: string; name: string; components: Record<string, PolyglotComponent>; rootOrder: string[]; rootComponent: string; createdAt: string | undefined; updatedAt: string | undefined; generationPrompt: string | undefined; generationModel: string | undefined; generationSummary: string | undefined; }' but required in type 'PolyglotProject'.
